2026-08-21 06:05:02 CST [0605] injected into pi-bot:0.0
2026-08-21 06:05 CST [0605] 日计划已生成，等待脚本发送
2026-08-21 06:05:48 CST [0605] WeChat API delivery succeeded
2026-08-21 06:05:52 CST [git] committed and pushed 0821
2026-08-21 06:15:01 CST [0615] injected into pi-bot:0.0
2026-08-21 06:15 CST [0615] 已生成，等待脚本发送
2026-08-21 06:15:17 CST [0615] WeChat API delivery failed
2026-08-21 06:35:01 CST [0635] injected into pi-bot:0.0
2026-08-21 06:35 CST [0635] 已生成，等待脚本发送
2026-08-21 06:35:19 CST [0635] WeChat API delivery failed
2026-08-21 08:30:01 CST [0830] injected into pi-bot:0.0
2026-08-21 08:30 CST [0830] 已生成，等待脚本发送
2026-08-21 08:30:19 CST [0830] WeChat API delivery failed
2026-08-21 09:00:02 CST [0900] injected into pi-bot:0.0
2026-08-21 09:00 CST [0900] 已生成，等待脚本发送
2026-08-21 09:00:19 CST [0900] WeChat API delivery succeeded
2026-08-21 11:30:01 CST [1130] injected into pi-bot:0.0
2026-08-21 11:30 CST [1130] 已生成，等待脚本发送
2026-08-21 11:30:17 CST [1130] WeChat API delivery succeeded
2026-08-21 13:30:01 CST [1330] injected into pi-bot:0.0
2026-08-21 13:30 CST [1330] 已生成，等待脚本发送
2026-08-21 13:30:19 CST [1330] WeChat API delivery succeeded
2026-08-21 17:30:01 CST [1730] injected into pi-bot:0.0
2026-08-21 17:30 CST [1730] 已生成，等待脚本发送
2026-08-21 17:30:17 CST [1730] WeChat API delivery succeeded
2026-08-21 19:00:01 CST [1900] injected into pi-bot:0.0
2026-08-21 19:00 CST [1900] 已生成，等待脚本发送
2026-08-21 19:00:19 CST [1900] WeChat API delivery succeeded
2026-08-21 21:00:01 CST [2100] injected into pi-bot:0.0
2026-08-21 21:00 CST [2100] 已生成，等待脚本发送
2026-08-21 21:00:43 CST [2100] WeChat API delivery succeeded
2026-08-21 22:15:01 CST [2215] injected into pi-bot:0.0
2026-08-21 22:15 CST [2215] 已生成，等待脚本发送
2026-08-21 22:15:18 CST [2215] WeChat API delivery succeeded
